acpi
alsa-utils
autoconf
automake
bash
bc
binutils
bison
bspwm
bzip2
coreutils
cryptsetup
device-mapper
dhcpcd
dialog
diffutils
dmenu
e2fsprogs
ethtool
evtest
fakeroot
feh
file
filesystem
findutils
firefox
firefox-adblock-plus
firefox-noscript
flex
fprintd
gawk
gettext
git
glibc
grep
grub
gst-libav
gst-plugins-base
gst-plugins-good
gtk-chtheme
gucharmap
gzip
htop
i3lock
ifplugd
imagemagick
inetutils
iproute2
iputils
irssi
jfsutils
less
lib32-mesa-libgl
libnotify
libtool
libva-mesa-driver
licenses
linux
livestreamer
logrotate
lshw
luakit
lvm2
m4
make
man-db
man-pages
mdadm
mesa-demos
mpv
nano
netctl
openssh
p7zip
pacman
patch
pciutils
pcmciautils
perl
perl-module-build
pkg-config
powertop
procps-ng
profont
psmisc
python
python-setuptools
reiserfsprogs
s-nail
scrot
sed
shadow
smartmontools
steam
stow
strace
sudo
sxhkd
sysfsutils
systemd-sysvcompat
tar
terminus-font
texinfo
tlp
tmux
tp_smapi
transset-df
ttf-dejavu
ttf-droid
ttf-freefont
ttf-inconsolata
ttf-liberation
unzip
usbutils
util-linux
uzbl-browser
vi
vim
which
wireless_tools
wpa_actiond
wpa_supplicant
xautolock
xclip
xdotool
xf86-video-intel
xfsprogs
xorg-server
xorg-server-utils
xorg-xfontsel
xorg-xinit
xorg-xkill
xorg-xprop
xterm
youtube-dl
